rtn     : -1
errno   : 6
strerror: Resource temporarily unavailable
