crashing
true
again
program has already aborted!
ccall
program has already aborted!
cwrap
program has already aborted!
embind
program has already aborted!
