rtn     : -1
errno   : 0
strerror: No error information
