2.000000
16.000000
1
-1.000000
7.389056
6.389056
3.737670
3.761200
1.623249
5.392317
43.000000
1.047198
4.430675
0.523599
4.430958
1.546991
1.472219
1.270625
-0.399985
1.185465
7.071068
-0.916522
0.636654
2.291388
1.000000