wrote profile of 224 bytes (allocated 224 bytes)
Hello! answer: 42
